running selftest ...
selftest done
[F3] n=6 ...
    -> OPTIMAL      build=0.00403740000911057 solve=0.03119840001454577 vars=96 cons=246 c=4  OPTIMAL
[F3] n=7 ...
    -> OPTIMAL      build=0.006349200033582747 solve=0.052731000003404915 vars=162 cons=427 c=6  OPTIMAL
[F3] n=8 ...
    -> OPTIMAL      build=0.009315400035120547 solve=0.06507690000580624 vars=253 cons=680 c=8  OPTIMAL
[F3] n=9 ...
    -> OPTIMAL      build=0.012853499967604876 solve=0.06753360002767295 vars=373 cons=1017 c=6  OPTIMAL
[F3] n=10 ...
    -> OPTIMAL      build=0.01950100000249222 solve=0.4297573000076227 vars=526 cons=1450 c=10  OPTIMAL
[F3] n=12 ...
    -> OPTIMAL      build=0.03632249997463077 solve=0.2859417999861762 vars=947 cons=2652 c=24  OPTIMAL
[F3] n=14 ...
    -> OPTIMAL      build=0.06125679996330291 solve=0.5133408000110649 vars=1548 cons=4382 c=16  OPTIMAL
[F3] n=16 ...
    -> OPTIMAL      build=0.09609780000755563 solve=0.7295754000078887 vars=2361 cons=6736 c=12  OPTIMAL
[F3] n=18 ...
    -> OPTIMAL      build=0.1359830999863334 solve=1.2925072999787517 vars=3418 cons=9810 c=28  OPTIMAL
[F3] n=20 ...
    -> OPTIMAL      build=0.1944132999633439 solve=2.1426802999922074 vars=4751 cons=13700 c=58  OPTIMAL
[F1] n=6 ...
    -> INFEASIBLE   build=0.0011061999830417335 solve=43.466873799974564 vars=71 cons=131 c=None  The problem is infeasible. (HiGHS Status 8: model_status is 
[F1] n=7 ...
    -> TIMEOUT      build=0.0012426000321283937 solve=300.0183593999827 vars=136 cons=260 c=None  Time limit reached. (HiGHS Status 13: model_status is Time l
[F1] n=8 ...
    -> TIMEOUT      build=0.0021995999850332737 solve=300.0296534000081 vars=265 cons=517 c=None  Time limit reached. (HiGHS Status 13: model_status is Time l
[F1] n=9 ...
    -> TIMEOUT      build=0.0019503000075928867 solve=300.0285994000151 vars=522 cons=1030 c=None  Time limit reached. (HiGHS Status 13: model_status is Time l
[F1] n=10 ...
    -> TIMEOUT      build=0.0026962999836541712 solve=300.02976810000837 vars=1035 cons=2055 c=None  Time limit reached. (HiGHS Status 13: model_status is Time l
[F1] n=12 ...
    -> TIMEOUT      build=0.009375699970405549 solve=302.9020290999906 vars=4109 cons=8201 c=None  Time limit reached. (HiGHS Status 13: model_status is Time l
[F1] n=14 ...
    -> TIMEOUT      build=0.03925370000069961 solve=306.05223390000174 vars=16399 cons=32779 c=None  Time limit reached. (HiGHS Status 13: model_status is Time l
[F1] n=16 ...
    -> TIMEOUT      build=0.13684590003686026 solve=300.62682080001105 vars=65553 cons=131085 c=None  Time limit reached. (HiGHS Status 13: model_status is Time l
[F1] n=18 ...
    -> TIMEOUT      build=0.8600140000344254 solve=305.3845195999602 vars=262163 cons=524303 c=None  Time limit reached. (HiGHS Status 13: model_status is Time l
[F1] n=20 ...
    -> BUILD_FAILED build=None solve=None vars=None cons=None c=None  worker killed at the 690s wall-clock cap without a solve rec
[F2] n=6 ...
    -> OPTIMAL      build=0.00405069999396801 solve=0.062146599986590445 vars=65 cons=201 c=4  Optimization terminated successfully. (HiGHS Status 7: Optim
[F2] n=7 ...
    -> OPTIMAL      build=0.0035516000352799892 solve=0.11754569999175146 vars=129 cons=458 c=10  Optimization terminated successfully. (HiGHS Status 7: Optim
[F2] n=8 ...
    -> OPTIMAL      build=0.005524000036530197 solve=1.4067077000509016 vars=257 cons=1035 c=8  Optimization terminated successfully. (HiGHS Status 7: Optim
[F2] n=9 ...
    -> OPTIMAL      build=0.009722899994812906 solve=0.7464620999526232 vars=513 cons=2316 c=6  Optimization terminated successfully. (HiGHS Status 7: Optim
[F2] n=10 ...
    -> OPTIMAL      build=0.019313500029966235 solve=2.6287662999820895 vars=1025 cons=5133 c=10  Optimization terminated successfully. (HiGHS Status 7: Optim
[F2] n=12 ...
    -> TIMEOUT      build=0.08305779995862395 solve=655.4418238999788 vars=4097 cons=24591 c=None  Time limit reached. (HiGHS Status 13: model_status is Time l
[F2] n=14 ...
    -> TIMEOUT      build=0.4103655999642797 solve=300.1784757000278 vars=16385 cons=114705 c=None  Time limit reached. (HiGHS Status 13: model_status is Time l
[F2] n=16 ...
    -> TIMEOUT      build=1.965991600009147 solve=407.94920339999953 vars=65537 cons=524307 c=None  Time limit reached. (HiGHS Status 13: model_status is Time l
[F2] n=18 ...
    -> BUILD_FAILED build=None solve=None vars=None cons=None c=None  worker killed at the 690s wall-clock cap without a solve rec
[F2] n=20 ...
    -> BUILD_FAILED build=318.7313907999778 solve=None vars=None cons=None c=None  MemoryError while building
wrote data/benchmark_formulations.json
