=== n=11 ===
n=11: status=0 msg=Optimization terminated successfully. (HiGHS Status 7: Optimal) time=25.9s
  c=14
    [1, 2, 3, 4, 5, 6, 7, 8]
    [1, 2, 3, 4, 5, 6, 7, 9, 10]
    [1, 2, 3, 5, 6, 8, 9, 10]
    [1, 2, 4, 6, 7, 8, 9, 10]
    [1, 2, 5, 6, 7, 8, 9, 10]
    [1, 3, 4, 5, 6, 7, 8, 9, 10]
    [2, 3, 4, 5, 6, 7, 8, 11]
    [1, 2, 3, 4, 5, 6, 9, 10, 11]
    [1, 3, 4, 5, 7, 9, 10, 11]
    [1, 3, 4, 5, 6, 8, 9, 10, 11]
    [1, 2, 3, 4, 7, 8, 9, 10, 11]
    [2, 3, 4, 5, 7, 8, 9, 10, 11]
    [2, 3, 4, 6, 7, 8, 9, 10, 11]
=== n=12 ===
n=12: status=0 msg=Optimization terminated successfully. (HiGHS Status 7: Optimal) time=270.3s
  c=20
    [1, 2, 3, 4, 5, 6, 7, 9, 10]
    [1, 2, 3, 5, 6, 7, 8, 9, 10]
    [1, 2, 3, 4, 5, 6, 7, 8, 9, 11]
    [1, 2, 3, 4, 5, 6, 7, 8, 10, 11]
    [1, 3, 4, 5, 6, 7, 9, 10, 11]
    [2, 3, 4, 5, 6, 7, 9, 10, 11]
    [1, 2, 3, 6, 7, 8, 9, 10, 11]
    [1, 2, 4, 6, 7, 8, 9, 10, 11]
    [1, 3, 4, 6, 7, 8, 9, 10, 11]
    [1, 2, 5, 6, 7, 8, 9, 10, 11]
    [2, 4, 5, 6, 7, 8, 9, 10, 11]
    [1, 3, 4, 5, 6, 7, 9, 10, 12]
    [1, 2, 4, 5, 6, 7, 8, 9, 10, 12]
    [1, 2, 3, 4, 5, 8, 11, 12]
    [2, 3, 4, 5, 6, 8, 9, 10, 11, 12]
    [2, 3, 4, 5, 7, 8, 9, 10, 11, 12]
    [2, 3, 4, 6, 7, 8, 9, 10, 11, 12]
    [1, 3, 5, 6, 7, 8, 9, 10, 11, 12]
=== n=15 ===
(the n=15 rerun was stopped here at 01:41 to free the machine for the F2
 configuration test below; n = 15 is attributed to the CP-SAT model in Section 7
 and to the closed form of Corollary 16, so no claim in the manuscript rests on a
 general-MILP result at n = 15)
