### T1_U START 2026-09-21T11:50:16Z
==============================================================================
Theorem 1 —— 全量穷举 n = 6（2^15 个图）
==============================================================================

==========================================================================
[1] Theorem 1：β_i(v_G) = |E| + (n-1) - 2·deg_G(i)
    方法：穷举 n = 6..6 的**所有**图（无孤立点、非星），按定义暴力算 swing
==========================================================================
      ✗ n=6 E=[(0, 3), (0, 4), (0, 5), (1, 2)] 实测[21, 9, 9, 3, 3, 3] 公式[3, 7, 7, 7, 7, 7]
      ✗ n=6 E=[(0, 1), (0, 3), (0, 4), (0, 5), (1, 2)] 实测[22, 10, 8, 2, 2, 2] 公式[2, 6, 8, 8, 8, 8]
      ✗ n=6 E=[(0, 2), (0, 3), (0, 4), (0, 5), (1, 2)] 实测[22, 8, 10, 2, 2, 2] 公式[2, 8, 6, 8, 8, 8]
    n=6: 满足前提的图 27443 个（跳过 5325），不匹配 27443 个   [9.0 s]

==============================================================================
Theorem 1 —— n = 7 **随机抽样**（不是穷举；全量 2^21 在 Python 下不可行）
==============================================================================
    ✗ E=[(0, 1), (0, 5), (0, 6), (1, 4), (1, 6), (2, 3), (2, 4), (2, 6), (3, 4), (3, 5), (3, 6), (4, 6), (5, 6)] 实测[9, 7, 7, 11, 11, 7, 15] 公式[13, 13, 13, 11, 11, 13, 7]
    ✗ E=[(0, 3), (0, 5), (1, 2), (1, 6), (2, 3), (2, 4), (2, 5), (3, 4), (3, 5), (3, 6), (4, 5)] 实测[5, 9, 13, 17, 9, 15, 7] 公式[13, 13, 9, 7, 11, 9, 13]
    ✗ E=[(0, 6), (1, 4), (1, 6), (2, 3), (2, 5), (3, 5)] 实测[8, 16, 16, 16, 8, 16, 16] 公式[10, 8, 8, 8, 10, 8, 8]
    抽样 200000 个随机图，满足前提 179845 个，不匹配 179845 个   [161.0 s]
    ★★ 有不匹配

==============================================================================
Proposition 2 的 (U) —— n = 5 穷举全部 (G,F) 对
==============================================================================

==========================================================================
[3] Proposition 2 (U)：β_i(v(G,F))
==========================================================================
    [阳性对照] 把 (U) 的常数改坏 +1 后，n=5 全图中有 1024 个不匹配
    OK —— 仪器能报错，下面的「0 不匹配」才有意义

    n=5 穷举所有 (G,F)：图 1024 种 × 三元组族 1024 种
    穷举 1048576 对，不匹配 0 个（其中不满足 Pairs(F)⊆G 的 0 个）  [430.8 s]

    n=6..10 随机复核（每 n 300 个满足 Pairs(F) ⊆ G 的实例）:
        n=6   不匹配 0
        n=7   不匹配 0
        n=8   不匹配 0
        n=9   不匹配 0
        n=10  不匹配 0
### rc=0
### END 2026-09-21T12:00:25Z
