### RECHECK360 START 2026-09-21T11:46:28Z
==============================================================================
阶段4重算（修正版）：n = 6 简单博弈中 psi^6 的解数
==============================================================================

[阳性对照 A] swings() 位运算 vs 朴素暴力 —— 随机博弈对撞
    ✗ n=4 mw=[7, 4, 9, 10] 位运算[2, 2, 10, 6] 朴素[1, 1, 5, 3]
    ✗ n=3 mw=[7, 3, 2, 5] 位运算[2, 6, 2] 朴素[1, 3, 1]
    ✗ n=5 mw=[21, 30, 25, 10] 位运算[8, 12, 4, 16, 8] 朴素[4, 6, 2, 8, 4]
    对撞 300 个随机单调博弈，不一致 300   ★★ 对照不中，swings() 作废

[阳性对照 B] 已知答案
    独裁者(玩家0) swings = [64, 0, 0, 0, 0, 0]   应为 [32, 0, 0, 0, 0, 0]   ★★ 对照不中
    一致博弈      swings = [2, 2, 2, 2, 2, 2]   应为 [1, 1, 1, 1, 1, 1]   ★★ 对照不中

[主张核验 C] 论文 A 逐字给出的 n = 6 构造
    最小赢联盟 = C4 ∪ K3 的七条边的补集 = 七个四元组
    论文印出的这七个: [(1, 2, 3, 4), (1, 2, 3, 5), (1, 2, 3, 6), (1, 2, 4, 5), (1, 3, 4, 5), (2, 4, 5, 6), (3, 4, 5, 6)]
    这七个联盟是否两两不可比且都极小: 是
    位运算 swings = [16, 16, 16, 16, 16, 8]
    朴素   swings = [8, 8, 8, 8, 8, 4]
    论文印出      = [8, 8, 8, 8, 8, 4]   ✗ 不一致
    归一化 Bz      = [16, 16, 16, 16, 16, 8]/44 = psi^6 ? 否

[主张核验 D] 穷举全部简单博弈，数 psi^6 的解（对**任意** c）
    [对照] n = 3：反链应 = M(3) = 20，简单博弈应 = 18
        实测 反链 20  简单博弈 18   OK
    [主例] n = 6，穷举中…（约需 11 分钟）
        反链总数（应 = M(6) = 7,828,354）: 7828354
        简单博弈数（应 = 7,828,352）: 7828352
        摆动多重集 ∝ (2,2,2,2,2,1) 的解数（论文称 360）: 360
        用时 807.1 s
        各尺度 c 的解数分布: [(8, 360)]
        对称类（同构类）数（论文称 2）: 2
        各类大小分布: [180, 180]
        样本 swing 向量: [[16, 16, 16, 16, 16, 8], [16, 16, 16, 16, 8, 16], [16, 16, 16, 16, 16, 8], [16, 16, 16, 16, 8, 16], [16, 16, 16, 16, 16, 8], [16, 16, 16, 16, 8, 16]]
### rc=0
### END 2026-09-21T12:00:19Z
