### T1_FIXED START 2026-09-21T12:07:00Z
==============================================================================
Theorem 1 修正版重算：beta_i(v_G) = |E| + (n-1) - 2·deg_G(i)
==============================================================================

[对照 0] brute_swings 自检（已知答案的博弈）
    独裁者  swings = [32, 0, 0, 0, 0, 0]  应为 [32, 0, 0, 0, 0, 0]  OK
    一致博弈 swings = [1, 1, 1, 1, 1, 1]  应为 [1, 1, 1, 1, 1, 1]  OK

[对照 1] 论文 A Section 5 的 n = 6 构造 —— 两条独立路径必须汇合
    由七个四元组的补集得到的边集 = [(0, 1), (0, 2), (1, 5), (2, 5), (3, 4), (3, 5), (4, 5)]
    度数 = [2, 2, 2, 2, 2, 4]   |E| = 7
    路径 a（七个四元组 → 博弈）swings = [8, 8, 8, 8, 8, 4]
    路径 b（边集 → v_G → 博弈）swings = [8, 8, 8, 8, 8, 4]
    论文印出（A L334）              = [8, 8, 8, 8, 8, 4]
    两条路径一致且等于论文值: ✓

[对照 2] 阳性对照：把 v_G 换回旧仪器的「点覆盖」版，输出必须改变
    点覆盖版 swings = [9, 5, 5, 7, 7, 13]   ✓ 确实不同（本对照有鉴别力）

==============================================================================
n = 6 全量穷举（2^15 = 32768 个图）
==============================================================================
    满足前提的图 27443 个（跳过 5325），不匹配 0 个   [4.1 s]
    ✓ 全量穷举 0 处不匹配

==============================================================================
n = 7 **随机抽样**（不是穷举；2^21 在 Python 下不可行）
==============================================================================
    抽样 200000 个随机图，满足前提 179845 个，不匹配 0 个   [83.2 s]
    ✓ 抽样内全部匹配
### rc=0
### END 2026-09-21T12:08:27Z
