  T=208: l1=0.123718 opt=False eta=[29, 29, 29, 29, 29, 31, 31, 1] w=[127, 127, 127, 127, 127, 128, 128, 1] q=257  [best in range]
  ...40/824 done (T in [201,1024]), 360s, best=0.12371794871794872 at T=208
  T=280: l1=0.116667 opt=False eta=[35, 35, 35, 35, 35, 35, 35, 35] w=[128, 128, 128, 128, 128, 128, 128, 127] q=513  [best in range]
  ...80/824 done (T in [201,1024]), 720s, best=0.116667 at T=280
  ...120/824 done (T in [201,1024]), 1081s, best=0.11666666666666667 at T=280
  ...160/824 done (T in [201,1024]), 1441s, best=0.11666666666666667 at T=280
  ...200/824 done (T in [201,1024]), 1801s, best=0.11666666666666667 at T=280
  ...240/824 done (T in [201,1024]), 2161s, best=0.11666666666666667 at T=280
  ...280/824 done (T in [201,1024]), 2521s, best=0.11666666666666667 at T=280
  ...320/824 done (T in [201,1024]), 2881s, best=0.11666666666666667 at T=280
  ...360/824 done (T in [201,1024]), 3242s, best=0.11666666666666667 at T=280
  ...400/824 done (T in [201,1024]), 3602s, best=0.11666666666666667 at T=280
  ...440/824 done (T in [201,1024]), 3962s, best=0.11666666666666667 at T=280
  ...480/824 done (T in [201,1024]), 4322s, best=0.11666666666666667 at T=280
  ...520/824 done (T in [201,1024]), 4683s, best=0.11666666666666667 at T=280
  ...560/824 done (T in [201,1024]), 5043s, best=0.11666666666666667 at T=280
  ...600/824 done (T in [201,1024]), 5403s, best=0.11666666666666667 at T=280
  ...640/824 done (T in [201,1024]), 5763s, best=0.11666666666666667 at T=280
  ...680/824 done (T in [201,1024]), 6123s, best=0.11666666666666667 at T=280
  ...720/824 done (T in [201,1024]), 6398s, best=0.11666666666666667 at T=280
  ...760/824 done (T in [201,1024]), 6462s, best=0.11666666666666667 at T=280
  ...800/824 done (T in [201,1024]), 6480s, best=0.11666666666666667 at T=280
n=8 RANGE[201,1024] RESULT: best L1 = 0.11666667 at T=280 (opt=False)  n*L1=0.933333
  eta=[35, 35, 35, 35, 35, 35, 35, 35] w=[128, 128, 128, 128, 128, 128, 128, 127] q=513
  NOTE: re-run 'python conj15_l1.py confirm 8 280 600' to certify the winning T as OPTIMAL
