  T=9: l1=0.104575 opt=True eta=[1, 1, 1, 1, 1, 1, 1, 1, 1] w=[256, 256, 256, 256, 256, 256, 256, 256, 255] q=1  [best in range]
  ...40/2296 done (T in [9,2304]), 120s, best=0.10457516339869281 at T=9
  ...80/2296 done (T in [9,2304]), 240s, best=0.10457516339869281 at T=9
  ...120/2296 done (T in [9,2304]), 361s, best=0.10457516339869281 at T=9
  ...160/2296 done (T in [9,2304]), 481s, best=0.10457516339869281 at T=9
  ...200/2296 done (T in [9,2304]), 601s, best=0.10457516339869281 at T=9
  ...240/2296 done (T in [9,2304]), 721s, best=0.10457516339869281 at T=9
  ...280/2296 done (T in [9,2304]), 841s, best=0.10457516339869281 at T=9
  ...320/2296 done (T in [9,2304]), 961s, best=0.10457516339869281 at T=9
  ...360/2296 done (T in [9,2304]), 1082s, best=0.10457516339869281 at T=9
  ...400/2296 done (T in [9,2304]), 1202s, best=0.10457516339869281 at T=9
  ...440/2296 done (T in [9,2304]), 1322s, best=0.10457516339869281 at T=9
  ...480/2296 done (T in [9,2304]), 1442s, best=0.10457516339869281 at T=9
  ...520/2296 done (T in [9,2304]), 1562s, best=0.10457516339869281 at T=9
  ...560/2296 done (T in [9,2304]), 1683s, best=0.10457516339869281 at T=9
  ...600/2296 done (T in [9,2304]), 1803s, best=0.10457516339869281 at T=9
  ...640/2296 done (T in [9,2304]), 1923s, best=0.10457516339869281 at T=9
  ...680/2296 done (T in [9,2304]), 2043s, best=0.10457516339869281 at T=9
  ...720/2296 done (T in [9,2304]), 2163s, best=0.10457516339869281 at T=9
  ...760/2296 done (T in [9,2304]), 2283s, best=0.10457516339869281 at T=9
  ...800/2296 done (T in [9,2304]), 2404s, best=0.10457516339869281 at T=9
  ...840/2296 done (T in [9,2304]), 2524s, best=0.10457516339869281 at T=9
  ...880/2296 done (T in [9,2304]), 2644s, best=0.10457516339869281 at T=9
  ...920/2296 done (T in [9,2304]), 2764s, best=0.10457516339869281 at T=9
  ...960/2296 done (T in [9,2304]), 2884s, best=0.10457516339869281 at T=9
  ...1000/2296 done (T in [9,2304]), 3004s, best=0.10457516339869281 at T=9
  ...1040/2296 done (T in [9,2304]), 3125s, best=0.10457516339869281 at T=9
  ...1080/2296 done (T in [9,2304]), 3245s, best=0.10457516339869281 at T=9
  ...1120/2296 done (T in [9,2304]), 3365s, best=0.10457516339869281 at T=9
  ...1160/2296 done (T in [9,2304]), 3485s, best=0.10457516339869281 at T=9
  ...1200/2296 done (T in [9,2304]), 3605s, best=0.10457516339869281 at T=9
  ...1240/2296 done (T in [9,2304]), 3725s, best=0.10457516339869281 at T=9
  ...1280/2296 done (T in [9,2304]), 3846s, best=0.10457516339869281 at T=9
  ...1320/2296 done (T in [9,2304]), 3966s, best=0.10457516339869281 at T=9
  ...1360/2296 done (T in [9,2304]), 4086s, best=0.10457516339869281 at T=9
  ...1400/2296 done (T in [9,2304]), 4206s, best=0.10457516339869281 at T=9
  ...1440/2296 done (T in [9,2304]), 4326s, best=0.10457516339869281 at T=9
  ...1480/2296 done (T in [9,2304]), 4446s, best=0.10457516339869281 at T=9
  ...1520/2296 done (T in [9,2304]), 4567s, best=0.10457516339869281 at T=9
  ...1560/2296 done (T in [9,2304]), 4687s, best=0.10457516339869281 at T=9
  ...1600/2296 done (T in [9,2304]), 4807s, best=0.10457516339869281 at T=9
  ...1640/2296 done (T in [9,2304]), 4927s, best=0.10457516339869281 at T=9
  ...1680/2296 done (T in [9,2304]), 5047s, best=0.10457516339869281 at T=9
  ...1720/2296 done (T in [9,2304]), 5167s, best=0.10457516339869281 at T=9
  ...1760/2296 done (T in [9,2304]), 5288s, best=0.10457516339869281 at T=9
  ...1800/2296 done (T in [9,2304]), 5408s, best=0.10457516339869281 at T=9
  ...1840/2296 done (T in [9,2304]), 5528s, best=0.10457516339869281 at T=9
  ...1880/2296 done (T in [9,2304]), 5648s, best=0.10457516339869281 at T=9
  ...1920/2296 done (T in [9,2304]), 5768s, best=0.10457516339869281 at T=9
  ...1960/2296 done (T in [9,2304]), 5888s, best=0.10457516339869281 at T=9
  ...2000/2296 done (T in [9,2304]), 6009s, best=0.10457516339869281 at T=9
  ...2040/2296 done (T in [9,2304]), 6129s, best=0.10457516339869281 at T=9
  ...2080/2296 done (T in [9,2304]), 6249s, best=0.10457516339869281 at T=9
  ...2120/2296 done (T in [9,2304]), 6369s, best=0.10457516339869281 at T=9
  ...2160/2296 done (T in [9,2304]), 6489s, best=0.10457516339869281 at T=9
  ...2200/2296 done (T in [9,2304]), 6609s, best=0.10457516339869281 at T=9
  ...2240/2296 done (T in [9,2304]), 6690s, best=0.10457516339869281 at T=9
  ...2280/2296 done (T in [9,2304]), 6706s, best=0.10457516339869281 at T=9
n=9 RANGE[9,2304] RESULT: best L1 = 0.10457516 at T=9 (opt=True)  n*L1=0.941176
  eta=[1, 1, 1, 1, 1, 1, 1, 1, 1] w=[256, 256, 256, 256, 256, 256, 256, 256, 255] q=1
  NOTE: re-run 'python conj15_l1.py confirm 9 9 600' to certify the winning T as OPTIMAL
exit=0
